 Abaqus/Standard 2025                  DATE 28-5ÔÂ-2026 TIME 01:02:18
 SUMMARY OF JOB INFORMATION:
 STEP  INC ATT SEVERE EQUIL TOTAL  TOTAL      STEP       INC OF       DOF    IF
               DISCON ITERS ITERS  TIME/    TIME/LPF    TIME/LPF    MONITOR RIKS
               ITERS               FREQ
   1     1   1     2     2     4  0.0200     0.0200     0.02000   
   1     2   1     2     2     4  0.0400     0.0400     0.02000   
   1     3   1     3     1     4  0.0700     0.0700     0.03000   
   1     4   1     2     3     5  0.115      0.115      0.04500   
   1     5   1     2     3     5  0.165      0.165      0.05000   
   1     6   1     2     3     5  0.215      0.215      0.05000   
   1     7   1     3     2     5  0.265      0.265      0.05000   
   1     8   1     2     3     5  0.315      0.315      0.05000   
   1     9   1     2     3     5  0.365      0.365      0.05000   
   1    10   1     1     4     5  0.415      0.415      0.05000   
   1    11   1     2     3     5  0.465      0.465      0.05000   
   1    12   1     1     4     5  0.515      0.515      0.05000   
   1    13   1     1     4     5  0.565      0.565      0.05000   
   1    14   1     2     3     5  0.615      0.615      0.05000   
   1    15   1     1     4     5  0.665      0.665      0.05000   
   1    16   1     1     4     5  0.715      0.715      0.05000   
   1    17   1     1     4     5  0.765      0.765      0.05000   
   1    18   1     1     4     5  0.815      0.815      0.05000   
   1    19   1     1     4     5  0.865      0.865      0.05000   
   1    20   1     1     4     5  0.915      0.915      0.05000   
   1    21   1     1     4     5  0.965      0.965      0.05000   
   1    22   1     1     4     5  1.00       1.00       0.03500   
                          
 THE ANALYSIS HAS COMPLETED SUCCESSFULLY
