1
0
1
ASSEMBLY
3
ACTIVELAYER-1
ACTIVELAYER
LOWERROLLER-1
RIGIDROLLER_CYLINDRICALSHELL
UPPERROLLER-1
RIGIDROLLER_CYLINDRICALSHELL
3
ACTIVELAYER-1
14
-2147483646
0
48 1 16 5 0 1 0 -1 -1 2646 1 -1879048189 3 2646 
14
48 1 16 5 0 1 0 -1 -1 2646 1 -1879048189 1 2646 
LOWERROLLER-1
14
-2147483646
0
48 1 16 5 0 1 0 -1 -1 960 1 -1879048189 2649 960 
14
48 1 16 5 0 1 0 -1 -1 960 1 -1879048189 1 960 
UPPERROLLER-1
14
-2147483646
0
48 1 16 5 0 1 0 -1 -1 960 1 -1879048189 3609 960 
14
48 1 16 5 0 1 0 -1 -1 960 1 -1879048189 1 960 
2
1 1
2 2
-2147483647
3
ACTIVELAYER-1
14
-2147483646
0
48 1 16 5 0 1 0 -1 -1 2000 1 -1879048189 1 2000 
14
48 1 16 5 0 1 0 -1 -1 2000 1 -1879048189 1 2000 
LOWERROLLER-1
14
-2147483646
0
48 1 16 5 0 1 0 -1 -1 896 1 -1879048189 2001 896 
14
48 1 16 5 0 1 0 -1 -1 896 1 -1879048189 1 896 
UPPERROLLER-1
14
-2147483646
0
48 1 16 5 0 1 0 -1 -1 896 1 -1879048189 2897 896 
14
48 1 16 5 0 1 0 -1 -1 896 1 -1879048189 1 896 
0
14
 PIBATCH
0
2
0
3
ACTIVELAYER-1
14
-2147483647
48 1 16 5 0 1 0 -1 -1 2000 1 -1879048189 1 2000 
LOWERROLLER-1
14
-2147483647
48 1 16 5 0 1 0 -1 -1 896 1 -1879048189 2001 896 
UPPERROLLER-1
14
-2147483647
48 1 16 5 0 1 0 -1 -1 896 1 -1879048189 2897 896 
0
SHEET_ALL
0
1
0
1
ACTIVELAYER-1
14
-2147483647
48 1 16 5 0 1 0 -1 -1 2000 1 -1879048189 1 2000 
0
SHEET_XSYMFACE
0
1
0
1
ACTIVELAYER-1
100
476 477 478 479 480 481 482 483 484 485 486 487 488 489 490 491 492 493 494 495 496 497 498 499 500 1166 1167 1168 1169 1170 1171 1172 1173 1174 1175 1176 1177 1178 1179 1180 1181 1182 1183 1184 1185 1186 1187 1188 1189 1190 1191 1192 1193 1194 1195 1196 1197 1198 1199 1200 1676 1677 1678 1679 1680 1681 1682 1683 1684 1685 1686 1687 1688 1689 1690 1691 1692 1693 1694 1695 1696 1697 1698 1699 1700 1701 1702 1703 1704 1705 1706 1707 1708 1709 1710 1711 1712 1713 1714 1715 
0
SHEET_ZSYMFACE
0
1
0
1
ACTIVELAYER-1
100
1711 1712 1713 1714 1715 1726 1727 1728 1729 1730 1741 1742 1743 1744 1745 1756 1757 1758 1759 1760 1771 1772 1773 1774 1775 1786 1787 1788 1789 1790 1801 1802 1803 1804 1805 1816 1817 1818 1819 1820 1831 1832 1833 1834 1835 1846 1847 1848 1849 1850 1861 1862 1863 1864 1865 1876 1877 1878 1879 1880 1891 1892 1893 1894 1895 1906 1907 1908 1909 1910 1921 1922 1923 1924 1925 1936 1937 1938 1939 1940 1951 1952 1953 1954 1955 1966 1967 1968 1969 1970 1981 1982 1983 1984 1985 1996 1997 1998 1999 2000 
0
_LOWERROLLER_CONTACT_SNEG
0
2
0
1
LOWERROLLER-1
14
-2147483647
48 1 16 5 0 1 0 -1 -1 896 1 -1879048189 2001 896 
0
_LOWERROLLER_CONTACT_SPOS
0
2
0
1
LOWERROLLER-1
14
-2147483647
48 1 16 5 0 1 0 -1 -1 896 1 -1879048189 2001 896 
0
_PICKEDSET19
0
2
0
1
UPPERROLLER-1
14
-2147483647
48 1 16 5 0 1 0 -1 -1 896 1 -1879048189 2897 896 
0
_PICKEDSET20
0
2
0
1
LOWERROLLER-1
14
-2147483647
48 1 16 5 0 1 0 -1 -1 896 1 -1879048189 2001 896 
0
_SHEET_BOTTOM_S4
0
2
0
1
ACTIVELAYER-1
240
505 510 515 520 525 530 535 540 545 550 555 560 565 570 575 580 585 590 595 600 605 610 615 620 625 630 635 640 645 650 655 660 665 670 675 680 685 690 695 700 705 710 715 720 725 730 735 740 745 750 755 760 765 770 775 780 785 790 795 800 805 810 815 820 825 830 835 840 845 850 855 860 865 870 875 880 885 890 895 900 905 910 915 920 925 930 935 940 945 950 955 960 965 970 975 980 985 990 995 1000 1005 1010 1015 1020 1025 1030 1035 1040 1045 1050 1055 1060 1065 1070 1075 1080 1085 1090 1095 1100 1105 1110 1115 1120 1125 1130 1135 1140 1145 1150 1155 1160 1165 1170 1175 1180 1185 1190 1195 1200 1205 1210 1215 1220 1225 1230 1235 1240 1245 1250 1255 1260 1265 1270 1275 1280 1285 1290 1295 1300 1305 1310 1315 1320 1325 1330 1335 1340 1345 1350 1355 1360 1365 1370 1375 1380 1385 1390 1395 1400 1405 1410 1415 1420 1425 1430 1435 1440 1445 1450 1455 1460 1465 1470 1475 1480 1485 1490 1495 1500 1505 1510 1515 1520 1525 1530 1535 1540 1545 1550 1555 1560 1565 1570 1575 1580 1585 1590 1595 1600 1605 1610 1615 1620 1625 1630 1635 1640 1645 1650 1655 1660 1665 1670 1675 1680 1685 1690 1695 1700 
0
_SHEET_BOTTOM_S6
0
2
0
1
ACTIVELAYER-1
160
1 6 11 16 21 26 31 36 41 46 51 56 61 66 71 76 81 86 91 96 101 106 111 116 121 126 131 136 141 146 151 156 161 166 171 176 181 186 191 196 201 206 211 216 221 226 231 236 241 246 251 256 261 266 271 276 281 286 291 296 301 306 311 316 321 326 331 336 341 346 351 356 361 366 371 376 381 386 391 396 401 406 411 416 421 426 431 436 441 446 451 456 461 466 471 476 481 486 491 496 1701 1706 1711 1716 1721 1726 1731 1736 1741 1746 1751 1756 1761 1766 1771 1776 1781 1786 1791 1796 1801 1806 1811 1816 1821 1826 1831 1836 1841 1846 1851 1856 1861 1866 1871 1876 1881 1886 1891 1896 1901 1906 1911 1916 1921 1926 1931 1936 1941 1946 1951 1956 1961 1966 1971 1976 1981 1986 1991 1996 
0
_SHEET_TOP_S4
0
2
0
1
ACTIVELAYER-1
160
5 10 15 20 25 30 35 40 45 50 55 60 65 70 75 80 85 90 95 100 105 110 115 120 125 130 135 140 145 150 155 160 165 170 175 180 185 190 195 200 205 210 215 220 225 230 235 240 245 250 255 260 265 270 275 280 285 290 295 300 305 310 315 320 325 330 335 340 345 350 355 360 365 370 375 380 385 390 395 400 405 410 415 420 425 430 435 440 445 450 455 460 465 470 475 480 485 490 495 500 1705 1710 1715 1720 1725 1730 1735 1740 1745 1750 1755 1760 1765 1770 1775 1780 1785 1790 1795 1800 1805 1810 1815 1820 1825 1830 1835 1840 1845 1850 1855 1860 1865 1870 1875 1880 1885 1890 1895 1900 1905 1910 1915 1920 1925 1930 1935 1940 1945 1950 1955 1960 1965 1970 1975 1980 1985 1990 1995 2000 
0
_SHEET_TOP_S6
0
2
0
1
ACTIVELAYER-1
240
501 506 511 516 521 526 531 536 541 546 551 556 561 566 571 576 581 586 591 596 601 606 611 616 621 626 631 636 641 646 651 656 661 666 671 676 681 686 691 696 701 706 711 716 721 726 731 736 741 746 751 756 761 766 771 776 781 786 791 796 801 806 811 816 821 826 831 836 841 846 851 856 861 866 871 876 881 886 891 896 901 906 911 916 921 926 931 936 941 946 951 956 961 966 971 976 981 986 991 996 1001 1006 1011 1016 1021 1026 1031 1036 1041 1046 1051 1056 1061 1066 1071 1076 1081 1086 1091 1096 1101 1106 1111 1116 1121 1126 1131 1136 1141 1146 1151 1156 1161 1166 1171 1176 1181 1186 1191 1196 1201 1206 1211 1216 1221 1226 1231 1236 1241 1246 1251 1256 1261 1266 1271 1276 1281 1286 1291 1296 1301 1306 1311 1316 1321 1326 1331 1336 1341 1346 1351 1356 1361 1366 1371 1376 1381 1386 1391 1396 1401 1406 1411 1416 1421 1426 1431 1436 1441 1446 1451 1456 1461 1466 1471 1476 1481 1486 1491 1496 1501 1506 1511 1516 1521 1526 1531 1536 1541 1546 1551 1556 1561 1566 1571 1576 1581 1586 1591 1596 1601 1606 1611 1616 1621 1626 1631 1636 1641 1646 1651 1656 1661 1666 1671 1676 1681 1686 1691 1696 
0
_UPPERROLLER_CONTACT_SNEG
0
2
0
1
UPPERROLLER-1
14
-2147483647
48 1 16 5 0 1 0 -1 -1 896 1 -1879048189 2897 896 
0
_UPPERROLLER_CONTACT_SPOS
0
2
0
1
UPPERROLLER-1
14
-2147483647
48 1 16 5 0 1 0 -1 -1 896 1 -1879048189 2897 896 
0
3
ACTIVELAYER-1
8
 P       1 PIBATCH
0
2
14
-2147483647
48 1 16 5 0 1 0 -1 -1 2000 1 -1879048189 1 2000 
0
0
XSYMFACE
0
1
100
476 477 478 479 480 481 482 483 484 485 486 487 488 489 490 491 492 493 494 495 496 497 498 499 500 1166 1167 1168 1169 1170 1171 1172 1173 1174 1175 1176 1177 1178 1179 1180 1181 1182 1183 1184 1185 1186 1187 1188 1189 1190 1191 1192 1193 1194 1195 1196 1197 1198 1199 1200 1676 1677 1678 1679 1680 1681 1682 1683 1684 1685 1686 1687 1688 1689 1690 1691 1692 1693 1694 1695 1696 1697 1698 1699 1700 1701 1702 1703 1704 1705 1706 1707 1708 1709 1710 1711 1712 1713 1714 1715 
0
0
ZSYMFACE
0
1
100
1711 1712 1713 1714 1715 1726 1727 1728 1729 1730 1741 1742 1743 1744 1745 1756 1757 1758 1759 1760 1771 1772 1773 1774 1775 1786 1787 1788 1789 1790 1801 1802 1803 1804 1805 1816 1817 1818 1819 1820 1831 1832 1833 1834 1835 1846 1847 1848 1849 1850 1861 1862 1863 1864 1865 1876 1877 1878 1879 1880 1891 1892 1893 1894 1895 1906 1907 1908 1909 1910 1921 1922 1923 1924 1925 1936 1937 1938 1939 1940 1951 1952 1953 1954 1955 1966 1967 1968 1969 1970 1981 1982 1983 1984 1985 1996 1997 1998 1999 2000 
0
0
_BOTTOM_S4
0
2
240
505 510 515 520 525 530 535 540 545 550 555 560 565 570 575 580 585 590 595 600 605 610 615 620 625 630 635 640 645 650 655 660 665 670 675 680 685 690 695 700 705 710 715 720 725 730 735 740 745 750 755 760 765 770 775 780 785 790 795 800 805 810 815 820 825 830 835 840 845 850 855 860 865 870 875 880 885 890 895 900 905 910 915 920 925 930 935 940 945 950 955 960 965 970 975 980 985 990 995 1000 1005 1010 1015 1020 1025 1030 1035 1040 1045 1050 1055 1060 1065 1070 1075 1080 1085 1090 1095 1100 1105 1110 1115 1120 1125 1130 1135 1140 1145 1150 1155 1160 1165 1170 1175 1180 1185 1190 1195 1200 1205 1210 1215 1220 1225 1230 1235 1240 1245 1250 1255 1260 1265 1270 1275 1280 1285 1290 1295 1300 1305 1310 1315 1320 1325 1330 1335 1340 1345 1350 1355 1360 1365 1370 1375 1380 1385 1390 1395 1400 1405 1410 1415 1420 1425 1430 1435 1440 1445 1450 1455 1460 1465 1470 1475 1480 1485 1490 1495 1500 1505 1510 1515 1520 1525 1530 1535 1540 1545 1550 1555 1560 1565 1570 1575 1580 1585 1590 1595 1600 1605 1610 1615 1620 1625 1630 1635 1640 1645 1650 1655 1660 1665 1670 1675 1680 1685 1690 1695 1700 
0
0
_BOTTOM_S6
0
2
160
1 6 11 16 21 26 31 36 41 46 51 56 61 66 71 76 81 86 91 96 101 106 111 116 121 126 131 136 141 146 151 156 161 166 171 176 181 186 191 196 201 206 211 216 221 226 231 236 241 246 251 256 261 266 271 276 281 286 291 296 301 306 311 316 321 326 331 336 341 346 351 356 361 366 371 376 381 386 391 396 401 406 411 416 421 426 431 436 441 446 451 456 461 466 471 476 481 486 491 496 1701 1706 1711 1716 1721 1726 1731 1736 1741 1746 1751 1756 1761 1766 1771 1776 1781 1786 1791 1796 1801 1806 1811 1816 1821 1826 1831 1836 1841 1846 1851 1856 1861 1866 1871 1876 1881 1886 1891 1896 1901 1906 1911 1916 1921 1926 1931 1936 1941 1946 1951 1956 1961 1966 1971 1976 1981 1986 1991 1996 
0
0
_PICKEDSET8
0
2
14
-2147483647
48 1 16 5 0 1 0 -1 -1 2000 1 -1879048189 1 2000 
0
0
_TOP_S4
0
2
160
5 10 15 20 25 30 35 40 45 50 55 60 65 70 75 80 85 90 95 100 105 110 115 120 125 130 135 140 145 150 155 160 165 170 175 180 185 190 195 200 205 210 215 220 225 230 235 240 245 250 255 260 265 270 275 280 285 290 295 300 305 310 315 320 325 330 335 340 345 350 355 360 365 370 375 380 385 390 395 400 405 410 415 420 425 430 435 440 445 450 455 460 465 470 475 480 485 490 495 500 1705 1710 1715 1720 1725 1730 1735 1740 1745 1750 1755 1760 1765 1770 1775 1780 1785 1790 1795 1800 1805 1810 1815 1820 1825 1830 1835 1840 1845 1850 1855 1860 1865 1870 1875 1880 1885 1890 1895 1900 1905 1910 1915 1920 1925 1930 1935 1940 1945 1950 1955 1960 1965 1970 1975 1980 1985 1990 1995 2000 
0
0
_TOP_S6
0
2
240
501 506 511 516 521 526 531 536 541 546 551 556 561 566 571 576 581 586 591 596 601 606 611 616 621 626 631 636 641 646 651 656 661 666 671 676 681 686 691 696 701 706 711 716 721 726 731 736 741 746 751 756 761 766 771 776 781 786 791 796 801 806 811 816 821 826 831 836 841 846 851 856 861 866 871 876 881 886 891 896 901 906 911 916 921 926 931 936 941 946 951 956 961 966 971 976 981 986 991 996 1001 1006 1011 1016 1021 1026 1031 1036 1041 1046 1051 1056 1061 1066 1071 1076 1081 1086 1091 1096 1101 1106 1111 1116 1121 1126 1131 1136 1141 1146 1151 1156 1161 1166 1171 1176 1181 1186 1191 1196 1201 1206 1211 1216 1221 1226 1231 1236 1241 1246 1251 1256 1261 1266 1271 1276 1281 1286 1291 1296 1301 1306 1311 1316 1321 1326 1331 1336 1341 1346 1351 1356 1361 1366 1371 1376 1381 1386 1391 1396 1401 1406 1411 1416 1421 1426 1431 1436 1441 1446 1451 1456 1461 1466 1471 1476 1481 1486 1491 1496 1501 1506 1511 1516 1521 1526 1531 1536 1541 1546 1551 1556 1561 1566 1571 1576 1581 1586 1591 1596 1601 1606 1611 1616 1621 1626 1631 1636 1641 1646 1651 1656 1661 1666 1671 1676 1681 1686 1691 1696 
0
0
0
LOWERROLLER-1
2
 P       2 PIBATCH
0
2
14
-2147483647
48 1 16 5 0 1 0 -1 -1 896 1 -1879048189 2001 896 
0
0
_CONTACTFACE_SNEG
0
2
14
-2147483647
48 1 16 5 0 1 0 -1 -1 896 1 -1879048189 2001 896 
0
0
0
UPPERROLLER-1
2
 P       3 PIBATCH
0
2
14
-2147483647
48 1 16 5 0 1 0 -1 -1 896 1 -1879048189 2897 896 
0
0
_CONTACTFACE_SNEG
0
2
14
-2147483647
48 1 16 5 0 1 0 -1 -1 896 1 -1879048189 2897 896 
0
0
0
8
 PIBATCH
0
2
0
4

2
1 2 
LOWERROLLER-1
14
-2147483647
48 1 16 5 0 1 0 -1 -1 960 1 -1879048189 2649 960 
ACTIVELAYER-1
14
-2147483647
48 1 16 5 0 1 0 -1 -1 2646 1 -1879048189 3 2646 
UPPERROLLER-1
14
-2147483647
48 1 16 5 0 1 0 -1 -1 960 1 -1879048189 3609 960 
0
RP_LOWERROLLER
0
1
1
2 
0
0
RP_UPPERROLLER
0
1
1
1 
0
0
SHEET_ALL
0
1
0
1
ACTIVELAYER-1
14
-2147483647
48 1 16 5 0 1 0 -1 -1 2646 1 -1879048189 3 2646 
0
SHEET_XSYMFACE
0
1
0
1
ACTIVELAYER-1
126
7 8 9 10 15 16 17 18 19 20 39 40 41 42 43 44 45 46 47 48 49 50 51 52 53 54 151 152 153 154 155 156 157 158 159 160 161 162 163 164 165 166 167 168 169 170 255 256 257 258 259 260 261 262 263 264 265 266 267 268 269 270 333 334 335 336 337 338 339 340 341 342 343 344 345 346 347 348 677 678 679 680 681 682 683 684 685 686 687 688 689 690 691 692 693 694 695 696 697 698 699 700 1097 1098 1099 1100 1101 1102 1103 1104 1105 1106 1107 1108 1109 1110 1111 1112 1265 1266 1267 1268 1269 1270 1271 1272 
0
SHEET_ZSYMFACE
0
1
0
1
ACTIVELAYER-1
126
19 20 21 22 265 266 267 268 273 274 275 276 279 280 281 282 283 284 285 286 287 288 289 290 291 292 293 294 295 296 297 298 299 300 301 302 303 304 305 306 307 308 309 310 311 312 313 314 315 316 1357 1358 1359 1360 1361 1362 1363 1364 1365 1366 1367 1368 1369 1370 1371 1372 1373 1374 1375 1376 1377 1378 1379 1380 1381 1382 1383 1384 1385 1386 1387 1388 1389 1390 1391 1392 1393 1394 1395 1396 1397 1398 1399 1400 1401 1402 1403 1404 1405 1406 1407 1408 1409 1410 1411 1412 1413 1414 1415 1416 1417 1418 1419 1420 1421 1422 1423 1424 1425 1426 1427 1428 1429 1430 1431 1432 
0
_PICKEDSET19
0
2
0
1
UPPERROLLER-1
14
-2147483647
48 1 16 5 0 1 0 -1 -1 960 1 -1879048189 3609 960 
0
_PICKEDSET20
0
2
0
1
LOWERROLLER-1
14
-2147483647
48 1 16 5 0 1 0 -1 -1 960 1 -1879048189 2649 960 
0
4
ACTIVELAYER-1
4
 P       1 PIBATCH
0
2
14
-2147483647
48 1 16 5 0 1 0 -1 -1 2646 1 -1879048189 3 2646 
0
0
XSYMFACE
0
1
126
7 8 9 10 15 16 17 18 19 20 39 40 41 42 43 44 45 46 47 48 49 50 51 52 53 54 151 152 153 154 155 156 157 158 159 160 161 162 163 164 165 166 167 168 169 170 255 256 257 258 259 260 261 262 263 264 265 266 267 268 269 270 333 334 335 336 337 338 339 340 341 342 343 344 345 346 347 348 677 678 679 680 681 682 683 684 685 686 687 688 689 690 691 692 693 694 695 696 697 698 699 700 1097 1098 1099 1100 1101 1102 1103 1104 1105 1106 1107 1108 1109 1110 1111 1112 1265 1266 1267 1268 1269 1270 1271 1272 
0
0
ZSYMFACE
0
1
126
19 20 21 22 265 266 267 268 273 274 275 276 279 280 281 282 283 284 285 286 287 288 289 290 291 292 293 294 295 296 297 298 299 300 301 302 303 304 305 306 307 308 309 310 311 312 313 314 315 316 1357 1358 1359 1360 1361 1362 1363 1364 1365 1366 1367 1368 1369 1370 1371 1372 1373 1374 1375 1376 1377 1378 1379 1380 1381 1382 1383 1384 1385 1386 1387 1388 1389 1390 1391 1392 1393 1394 1395 1396 1397 1398 1399 1400 1401 1402 1403 1404 1405 1406 1407 1408 1409 1410 1411 1412 1413 1414 1415 1416 1417 1418 1419 1420 1421 1422 1423 1424 1425 1426 1427 1428 1429 1430 1431 1432 
0
0
_PICKEDSET8
0
2
14
-2147483647
48 1 16 5 0 1 0 -1 -1 2646 1 -1879048189 3 2646 
0
0
0

1
 P       0 PIBATCH
0
2
2
1 2 
0
0
0
LOWERROLLER-1
1
 P       2 PIBATCH
0
2
14
-2147483647
48 1 16 5 0 1 0 -1 -1 960 1 -1879048189 2649 960 
0
0
0
UPPERROLLER-1
1
 P       3 PIBATCH
0
2
14
-2147483647
48 1 16 5 0 1 0 -1 -1 960 1 -1879048189 3609 960 
0
0
0
3
ACTIVELAYER-1
2
BOTTOM
0
0
2
S4
240
505 510 515 520 525 530 535 540 545 550 555 560 565 570 575 580 585 590 595 600 605 610 615 620 625 630 635 640 645 650 655 660 665 670 675 680 685 690 695 700 705 710 715 720 725 730 735 740 745 750 755 760 765 770 775 780 785 790 795 800 805 810 815 820 825 830 835 840 845 850 855 860 865 870 875 880 885 890 895 900 905 910 915 920 925 930 935 940 945 950 955 960 965 970 975 980 985 990 995 1000 1005 1010 1015 1020 1025 1030 1035 1040 1045 1050 1055 1060 1065 1070 1075 1080 1085 1090 1095 1100 1105 1110 1115 1120 1125 1130 1135 1140 1145 1150 1155 1160 1165 1170 1175 1180 1185 1190 1195 1200 1205 1210 1215 1220 1225 1230 1235 1240 1245 1250 1255 1260 1265 1270 1275 1280 1285 1290 1295 1300 1305 1310 1315 1320 1325 1330 1335 1340 1345 1350 1355 1360 1365 1370 1375 1380 1385 1390 1395 1400 1405 1410 1415 1420 1425 1430 1435 1440 1445 1450 1455 1460 1465 1470 1475 1480 1485 1490 1495 1500 1505 1510 1515 1520 1525 1530 1535 1540 1545 1550 1555 1560 1565 1570 1575 1580 1585 1590 1595 1600 1605 1610 1615 1620 1625 1630 1635 1640 1645 1650 1655 1660 1665 1670 1675 1680 1685 1690 1695 1700 
S6
160
1 6 11 16 21 26 31 36 41 46 51 56 61 66 71 76 81 86 91 96 101 106 111 116 121 126 131 136 141 146 151 156 161 166 171 176 181 186 191 196 201 206 211 216 221 226 231 236 241 246 251 256 261 266 271 276 281 286 291 296 301 306 311 316 321 326 331 336 341 346 351 356 361 366 371 376 381 386 391 396 401 406 411 416 421 426 431 436 441 446 451 456 461 466 471 476 481 486 491 496 1701 1706 1711 1716 1721 1726 1731 1736 1741 1746 1751 1756 1761 1766 1771 1776 1781 1786 1791 1796 1801 1806 1811 1816 1821 1826 1831 1836 1841 1846 1851 1856 1861 1866 1871 1876 1881 1886 1891 1896 1901 1906 1911 1916 1921 1926 1931 1936 1941 1946 1951 1956 1961 1966 1971 1976 1981 1986 1991 1996 
TOP
0
0
2
S4
160
5 10 15 20 25 30 35 40 45 50 55 60 65 70 75 80 85 90 95 100 105 110 115 120 125 130 135 140 145 150 155 160 165 170 175 180 185 190 195 200 205 210 215 220 225 230 235 240 245 250 255 260 265 270 275 280 285 290 295 300 305 310 315 320 325 330 335 340 345 350 355 360 365 370 375 380 385 390 395 400 405 410 415 420 425 430 435 440 445 450 455 460 465 470 475 480 485 490 495 500 1705 1710 1715 1720 1725 1730 1735 1740 1745 1750 1755 1760 1765 1770 1775 1780 1785 1790 1795 1800 1805 1810 1815 1820 1825 1830 1835 1840 1845 1850 1855 1860 1865 1870 1875 1880 1885 1890 1895 1900 1905 1910 1915 1920 1925 1930 1935 1940 1945 1950 1955 1960 1965 1970 1975 1980 1985 1990 1995 2000 
S6
240
501 506 511 516 521 526 531 536 541 546 551 556 561 566 571 576 581 586 591 596 601 606 611 616 621 626 631 636 641 646 651 656 661 666 671 676 681 686 691 696 701 706 711 716 721 726 731 736 741 746 751 756 761 766 771 776 781 786 791 796 801 806 811 816 821 826 831 836 841 846 851 856 861 866 871 876 881 886 891 896 901 906 911 916 921 926 931 936 941 946 951 956 961 966 971 976 981 986 991 996 1001 1006 1011 1016 1021 1026 1031 1036 1041 1046 1051 1056 1061 1066 1071 1076 1081 1086 1091 1096 1101 1106 1111 1116 1121 1126 1131 1136 1141 1146 1151 1156 1161 1166 1171 1176 1181 1186 1191 1196 1201 1206 1211 1216 1221 1226 1231 1236 1241 1246 1251 1256 1261 1266 1271 1276 1281 1286 1291 1296 1301 1306 1311 1316 1321 1326 1331 1336 1341 1346 1351 1356 1361 1366 1371 1376 1381 1386 1391 1396 1401 1406 1411 1416 1421 1426 1431 1436 1441 1446 1451 1456 1461 1466 1471 1476 1481 1486 1491 1496 1501 1506 1511 1516 1521 1526 1531 1536 1541 1546 1551 1556 1561 1566 1571 1576 1581 1586 1591 1596 1601 1606 1611 1616 1621 1626 1631 1636 1641 1646 1651 1656 1661 1666 1671 1676 1681 1686 1691 1696 
LOWERROLLER-1
1
CONTACTFACE
0
0
1
SNEG
14
-2147483647
48 1 16 5 0 1 0 -1 -1 896 1 -1879048189 2001 896 
UPPERROLLER-1
1
CONTACTFACE
0
0
1
SNEG
14
-2147483647
48 1 16 5 0 1 0 -1 -1 896 1 -1879048189 2897 896 
4
LOWERROLLER_CONTACT
0
0
0
1
LOWERROLLER-1
0
0
2
SPOS
14
-2147483647
48 1 16 5 0 1 0 -1 -1 896 1 -1879048189 2001 896 
SNEG
14
-2147483647
48 1 16 5 0 1 0 -1 -1 896 1 -1879048189 2001 896 
SHEET_BOTTOM
0
0
0
1
ACTIVELAYER-1
0
0
2
S4
240
505 510 515 520 525 530 535 540 545 550 555 560 565 570 575 580 585 590 595 600 605 610 615 620 625 630 635 640 645 650 655 660 665 670 675 680 685 690 695 700 705 710 715 720 725 730 735 740 745 750 755 760 765 770 775 780 785 790 795 800 805 810 815 820 825 830 835 840 845 850 855 860 865 870 875 880 885 890 895 900 905 910 915 920 925 930 935 940 945 950 955 960 965 970 975 980 985 990 995 1000 1005 1010 1015 1020 1025 1030 1035 1040 1045 1050 1055 1060 1065 1070 1075 1080 1085 1090 1095 1100 1105 1110 1115 1120 1125 1130 1135 1140 1145 1150 1155 1160 1165 1170 1175 1180 1185 1190 1195 1200 1205 1210 1215 1220 1225 1230 1235 1240 1245 1250 1255 1260 1265 1270 1275 1280 1285 1290 1295 1300 1305 1310 1315 1320 1325 1330 1335 1340 1345 1350 1355 1360 1365 1370 1375 1380 1385 1390 1395 1400 1405 1410 1415 1420 1425 1430 1435 1440 1445 1450 1455 1460 1465 1470 1475 1480 1485 1490 1495 1500 1505 1510 1515 1520 1525 1530 1535 1540 1545 1550 1555 1560 1565 1570 1575 1580 1585 1590 1595 1600 1605 1610 1615 1620 1625 1630 1635 1640 1645 1650 1655 1660 1665 1670 1675 1680 1685 1690 1695 1700 
S6
160
1 6 11 16 21 26 31 36 41 46 51 56 61 66 71 76 81 86 91 96 101 106 111 116 121 126 131 136 141 146 151 156 161 166 171 176 181 186 191 196 201 206 211 216 221 226 231 236 241 246 251 256 261 266 271 276 281 286 291 296 301 306 311 316 321 326 331 336 341 346 351 356 361 366 371 376 381 386 391 396 401 406 411 416 421 426 431 436 441 446 451 456 461 466 471 476 481 486 491 496 1701 1706 1711 1716 1721 1726 1731 1736 1741 1746 1751 1756 1761 1766 1771 1776 1781 1786 1791 1796 1801 1806 1811 1816 1821 1826 1831 1836 1841 1846 1851 1856 1861 1866 1871 1876 1881 1886 1891 1896 1901 1906 1911 1916 1921 1926 1931 1936 1941 1946 1951 1956 1961 1966 1971 1976 1981 1986 1991 1996 
SHEET_TOP
0
0
0
1
ACTIVELAYER-1
0
0
2
S4
160
5 10 15 20 25 30 35 40 45 50 55 60 65 70 75 80 85 90 95 100 105 110 115 120 125 130 135 140 145 150 155 160 165 170 175 180 185 190 195 200 205 210 215 220 225 230 235 240 245 250 255 260 265 270 275 280 285 290 295 300 305 310 315 320 325 330 335 340 345 350 355 360 365 370 375 380 385 390 395 400 405 410 415 420 425 430 435 440 445 450 455 460 465 470 475 480 485 490 495 500 1705 1710 1715 1720 1725 1730 1735 1740 1745 1750 1755 1760 1765 1770 1775 1780 1785 1790 1795 1800 1805 1810 1815 1820 1825 1830 1835 1840 1845 1850 1855 1860 1865 1870 1875 1880 1885 1890 1895 1900 1905 1910 1915 1920 1925 1930 1935 1940 1945 1950 1955 1960 1965 1970 1975 1980 1985 1990 1995 2000 
S6
240
501 506 511 516 521 526 531 536 541 546 551 556 561 566 571 576 581 586 591 596 601 606 611 616 621 626 631 636 641 646 651 656 661 666 671 676 681 686 691 696 701 706 711 716 721 726 731 736 741 746 751 756 761 766 771 776 781 786 791 796 801 806 811 816 821 826 831 836 841 846 851 856 861 866 871 876 881 886 891 896 901 906 911 916 921 926 931 936 941 946 951 956 961 966 971 976 981 986 991 996 1001 1006 1011 1016 1021 1026 1031 1036 1041 1046 1051 1056 1061 1066 1071 1076 1081 1086 1091 1096 1101 1106 1111 1116 1121 1126 1131 1136 1141 1146 1151 1156 1161 1166 1171 1176 1181 1186 1191 1196 1201 1206 1211 1216 1221 1226 1231 1236 1241 1246 1251 1256 1261 1266 1271 1276 1281 1286 1291 1296 1301 1306 1311 1316 1321 1326 1331 1336 1341 1346 1351 1356 1361 1366 1371 1376 1381 1386 1391 1396 1401 1406 1411 1416 1421 1426 1431 1436 1441 1446 1451 1456 1461 1466 1471 1476 1481 1486 1491 1496 1501 1506 1511 1516 1521 1526 1531 1536 1541 1546 1551 1556 1561 1566 1571 1576 1581 1586 1591 1596 1601 1606 1611 1616 1621 1626 1631 1636 1641 1646 1651 1656 1661 1666 1671 1676 1681 1686 1691 1696 
UPPERROLLER_CONTACT
0
0
0
1
UPPERROLLER-1
0
0
2
SPOS
14
-2147483647
48 1 16 5 0 1 0 -1 -1 896 1 -1879048189 2897 896 
SNEG
14
-2147483647
48 1 16 5 0 1 0 -1 -1 896 1 -1879048189 2897 896 
